---
source: parser/tests/primary_expression.rs
expression: "format!(\"{:#?}\", program)"
---
Program {
    source_type: Script,
    body: [
        Statement(
            Declaration(
                VariableDeclaration(
                    VariableDeclaration {
                        node: Node {
                            start: 0,
                            end: 24,
                        },
                        declarations: [
                            VariableDeclarator {
                                node: Node {
                                    start: 4,
                                    end: 23,
                                },
                                id: Identifier(
                                    Identifier {
                                        node: Node {
                                            start: 4,
                                            end: 7,
                                        },
                                        name: Atom('obj' type=inline),
                                    },
                                ),
                                type_annotation: None,
                                init: Some(
                                    ObjectExpression(
                                        ObjectExpression {
                                            node: Node {
                                                start: 10,
                                                end: 23,
                                            },
                                            properties: [
                                                Property(
                                                    Property {
                                                        node: Node {
                                                            start: 12,
                                                            end: 16,
                                                        },
                                                        key: Identifier(
                                                            Identifier {
                                                                node: Node {
                                                                    start: 12,
                                                                    end: 16,
                                                                },
                                                                name: Atom('name' type=inline),
                                                            },
                                                        ),
                                                        value: Identifier(
                                                            Identifier {
                                                                node: Node {
                                                                    start: 12,
                                                                    end: 16,
                                                                },
                                                                name: Atom('name' type=inline),
                                                            },
                                                        ),
                                                        kind: Init,
                                                        method: false,
                                                        shorthand: true,
                                                        computed: false,
                                                    },
                                                ),
                                                Property(
                                                    Property {
                                                        node: Node {
                                                            start: 18,
                                                            end: 21,
                                                        },
                                                        key: Identifier(
                                                            Identifier {
                                                                node: Node {
                                                                    start: 18,
                                                                    end: 21,
                                                                },
                                                                name: Atom('age' type=inline),
                                                            },
                                                        ),
                                                        value: Identifier(
                                                            Identifier {
                                                                node: Node {
                                                                    start: 18,
                                                                    end: 21,
                                                                },
                                                                name: Atom('age' type=inline),
                                                            },
                                                        ),
                                                        kind: Init,
                                                        method: false,
                                                        shorthand: true,
                                                        computed: false,
                                                    },
                                                ),
                                            ],
                                        },
                                    ),
                                ),
                            },
                        ],
                        kind: Var,
                    },
                ),
            ),
        ),
    ],
}
